<html>
<body>
<pre>
<h1>µVision Build Log</h1>
<h2>Project:</h2>
E:\M.E\MCA\MCA_LAB_Prog\LPC\00-99\zerotonine.uvproj
Project File Date:  12/30/2021

<h2>Output:</h2>
Rebuild target 'Target 1'
assembling Startup.s...
compiling led.c...
..\New folder\led.c(3): warning:  #1295-D: Deprecated declaration pll - give arg types
  void pll();
..\New folder\led.c(48): warning:  #1-D: last line of file ends without a newline
  }
..\New folder\led.c: 2 warnings, 0 errors
linking...
Program Size: Code=1020 RO-data=16 RW-data=0 ZI-data=1256  
FromELF: creating hex file...
".\zerotonine.axf" - 0 Error(s), 2 Warning(s).
</pre>
</body>
</html>
